// Jest Snapshot v1, https://goo.gl/fbAQLP

exports[`Display Component Test should show the component correctly with the loading spinning star 1`] = `
<p
  style={
    Object {
      "fontSize": "2rem",
    }
  }
>
  Loading...
  <i
    className="fa fa-star fa-spin"
  />
</p>
`;
